---
source: tui_app_server/src/chatwidget/tests.rs
expression: term.backend().vt100().screen().contents()
---





⚠ Runtime recovery
  switched to conservative enforcement while the runtime recovers


› Ask Codex to do anything

  ? for shortcuts                                                            100% context left
