---
source: tui/src/bottom_pane/chat_composer.rs
expression: terminal.backend()
---
"                                                            "
"› /mo                                                       "
"                                                            "
"  /model      choose what model and reasoning effort to use "
"  /model-sub  choose utility model for internal tasks plus  "
