---
source: tui/src/chatwidget/tests.rs
expression: popup
---
  Select Model and Effort
  Access legacy models by running codex -m <model_name> or in your config.toml

› 1. gpt-5.2-codex (default)  Latest frontier agentic coding model.
  2. gpt-5.2                  Latest frontier model with improvements across
                              knowledge, reasoning and coding
  3. gpt-5.3-codex            Latest frontier agentic coding model with
                              enhanced reasoning.
  4. Gemini 3 Pro             Google Gemini 3 Pro with deep reasoning and 1M
                              context.
  5. Gemini 3 Flash           Google Gemini 3 Flash — fast and efficient with
                              1M context.
  6. Gemini 3 Pro Image       Gemini 3 Pro for text, image understanding, and
                              image generation.

  Press enter to select reasoning effort, or esc to dismiss.
