---
source: tui/src/chatwidget/tests.rs
assertion_line: 5090
expression: popup
---
  Select Utility Model
  Overrides internal-task model selection and default `spawn_agent` routing.

  1. Inherit (task defaults)      Use task defaults for internal jobs and for
                                  default spawned sub-agents.
  2. gpt-5.1-codex-mini           gpt-5.1-codex-mini description
› 3. claude-sonnet-4-6 (current)  claude-sonnet-4-6 description
  4. openai/o4-mini               openai/o4-mini description

  Press enter to confirm or esc to go back
